2026-07-13 11:50:24,758 | INFO | START | Beantrage 5-Jahres-Oberflächen-Block: 2015_2019
2026-07-13 11:50:25,388 | INFO | Request ID is c5eee310-a2c2-4a2c-bf3a-65071ab048f2
2026-07-13 11:50:25,518 | INFO | status has been updated to accepted
2026-07-13 11:51:01,689 | INFO | status has been updated to running
2026-07-13 12:06:56,771 | INFO | status has been updated to successful
2026-07-13 12:06:57,103 | INFO | Downloading https://object-store.os-api.cci2.ecmwf.int:443/cci2-prod-cache-2/2026-07-13/d5e9ee2aa3b752bb1496f8707bd53d20.zip
2026-07-13 12:08:37,105 | INFO | ZIP-Kompression erkannt: Erfolgreich entpackt und aufgeteilt.
2026-07-13 12:08:37,219 | INFO | DONE | Block 2015_2019 verarbeitet in 18.2 min
2026-07-13 12:08:37,220 | INFO | START | Beantrage 5-Jahres-Oberflächen-Block: 2010_2015
2026-07-13 12:08:38,140 | INFO | Request ID is a950454e-b88e-41d7-a458-88cd91887a3c
2026-07-13 12:08:38,283 | INFO | status has been updated to accepted
2026-07-13 12:09:58,611 | INFO | status has been updated to running
2026-07-13 12:27:07,972 | INFO | status has been updated to successful
2026-07-13 12:27:08,213 | INFO | Downloading https://object-store.os-api.cci2.ecmwf.int:443/cci2-prod-cache-2/2026-07-13/97d5ad462a6dc07133af82b37dfdf6c1.zip
2026-07-13 12:29:47,141 | INFO | ZIP-Kompression erkannt: Erfolgreich entpackt und aufgeteilt.
2026-07-13 12:29:47,283 | INFO | DONE | Block 2010_2015 verarbeitet in 21.2 min
2026-07-13 12:29:47,284 | INFO | START | Beantrage 5-Jahres-Oberflächen-Block: 2005_2009
2026-07-13 12:29:49,679 | INFO | Request ID is dcb42ee9-d217-4854-9e71-c88a95707366
2026-07-13 12:29:49,990 | INFO | status has been updated to accepted
2026-07-13 12:33:35,010 | WARNING | Recovering from connection error [('Connection aborted.', RemoteDisconnected('Remote end closed connection without response'))], attempt 1 of 500
2026-07-13 12:33:35,011 | WARNING | Retrying in 120 seconds
2026-07-13 12:35:35,006 | INFO | Retrying now...
2026-07-13 12:35:35,448 | INFO | status has been updated to running
2026-07-13 12:49:08,608 | INFO | status has been updated to successful
2026-07-13 12:49:09,015 | INFO | Downloading https://object-store.os-api.cci2.ecmwf.int:443/cci2-prod-cache-3/2026-07-13/513c757f824398f923b4321f0564b253.zip
2026-07-13 12:51:09,163 | INFO | ZIP-Kompression erkannt: Erfolgreich entpackt und aufgeteilt.
2026-07-13 12:51:09,255 | INFO | DONE | Block 2005_2009 verarbeitet in 21.4 min
2026-07-13 12:51:09,256 | INFO | START | Beantrage 5-Jahres-Oberflächen-Block: 2000_2004
2026-07-13 12:51:11,936 | INFO | Request ID is 05a4e593-b7d7-4b75-948c-0d59dc8b3fd4
2026-07-13 12:51:12,253 | INFO | status has been updated to accepted
2026-07-13 12:55:38,137 | INFO | status has been updated to running
2026-07-13 13:09:45,190 | INFO | status has been updated to successful
2026-07-13 13:09:45,760 | INFO | Downloading https://object-store.os-api.cci2.ecmwf.int:443/cci2-prod-cache-3/2026-07-13/64d4360dd47f390445fe410c168db940.zip
2026-07-13 13:11:55,881 | INFO | ZIP-Kompression erkannt: Erfolgreich entpackt und aufgeteilt.
2026-07-13 13:11:55,983 | INFO | DONE | Block 2000_2004 verarbeitet in 20.8 min
2026-07-13 13:11:55,983 | INFO | START | Beantrage 5-Jahres-Oberflächen-Block: 1995_1999
2026-07-13 13:11:56,903 | INFO | Request ID is 7695e9dd-6b2b-4eac-950a-1356b3d4c9fc
2026-07-13 13:11:57,043 | INFO | status has been updated to accepted
2026-07-13 13:22:23,801 | INFO | status has been updated to running
2026-07-13 13:36:27,443 | INFO | status has been updated to successful
2026-07-13 13:36:27,693 | INFO | Downloading https://object-store.os-api.cci2.ecmwf.int:443/cci2-prod-cache-3/2026-07-13/bc3eceed247c7db9a76b76f553893e3.zip
2026-07-13 13:37:42,222 | INFO | ZIP-Kompression erkannt: Erfolgreich entpackt und aufgeteilt.
2026-07-13 13:37:42,326 | INFO | DONE | Block 1995_1999 verarbeitet in 25.8 min
2026-07-13 13:37:42,327 | INFO | START | Beantrage 5-Jahres-Oberflächen-Block: 1990_1994
2026-07-13 13:37:45,521 | INFO | Request ID is d173576f-e400-4c6a-86db-1ba48f6793e7
2026-07-13 13:37:45,672 | INFO | status has been updated to accepted
2026-07-13 13:38:08,342 | INFO | status has been updated to running
2026-07-13 13:52:11,975 | INFO | status has been updated to successful
2026-07-13 13:52:12,325 | INFO | Downloading https://object-store.os-api.cci2.ecmwf.int:443/cci2-prod-cache-3/2026-07-13/34a420f50b21eac869390da0c278806a.zip
2026-07-13 13:53:26,679 | INFO | ZIP-Kompression erkannt: Erfolgreich entpackt und aufgeteilt.
2026-07-13 13:53:26,771 | INFO | DONE | Block 1990_1994 verarbeitet in 15.7 min
2026-07-13 13:53:26,773 | INFO | START | Beantrage 5-Jahres-Oberflächen-Block: 1985_1989
2026-07-13 13:53:27,864 | INFO | Request ID is 6dd0f721-04ec-4be4-9a54-d835046404ae
2026-07-13 13:53:28,181 | INFO | status has been updated to accepted
2026-07-13 13:54:20,794 | INFO | status has been updated to running
2026-07-13 14:07:57,805 | INFO | status has been updated to successful
2026-07-13 14:07:58,065 | INFO | Downloading https://object-store.os-api.cci2.ecmwf.int:443/cci2-prod-cache-1/2026-07-13/24a4e0660f284bdb8089a546afeb0acf.zip
2026-07-13 14:09:05,599 | INFO | ZIP-Kompression erkannt: Erfolgreich entpackt und aufgeteilt.
2026-07-13 14:09:05,670 | INFO | DONE | Block 1985_1989 verarbeitet in 15.6 min
2026-07-13 14:09:05,671 | INFO | START | Beantrage 5-Jahres-Oberflächen-Block: 1980_1984
2026-07-13 14:09:06,717 | INFO | Request ID is e8116647-7fa2-4c2e-8401-282f787860f9
2026-07-13 14:09:07,024 | INFO | status has been updated to accepted
2026-07-13 14:09:21,985 | INFO | status has been updated to running
2026-07-13 14:33:37,651 | INFO | status has been updated to successful
2026-07-13 14:33:38,001 | INFO | Downloading https://object-store.os-api.cci2.ecmwf.int:443/cci2-prod-cache-2/2026-07-13/d421c6092492f251e5648054887f43b4.zip
2026-07-13 14:35:01,703 | INFO | ZIP-Kompression erkannt: Erfolgreich entpackt und aufgeteilt.
2026-07-13 14:35:01,809 | INFO | DONE | Block 1980_1984 verarbeitet in 25.9 min
2026-07-13 14:35:01,810 | INFO | START | Beantrage 5-Jahres-Oberflächen-Block: 1975_1979
2026-07-13 14:35:02,631 | INFO | Request ID is ccd091f7-e080-4489-a36b-95bad79c9a16
2026-07-13 14:35:02,761 | INFO | status has been updated to accepted
2026-07-13 14:35:19,126 | INFO | status has been updated to running
2026-07-13 14:49:33,773 | INFO | status has been updated to successful
2026-07-13 14:49:34,093 | INFO | Downloading https://object-store.os-api.cci2.ecmwf.int:443/cci2-prod-cache-1/2026-07-13/c6abc1c2105982b06d45e72a08f63816.zip
2026-07-13 14:55:03,926 | INFO | ZIP-Kompression erkannt: Erfolgreich entpackt und aufgeteilt.
2026-07-13 14:55:04,000 | INFO | DONE | Block 1975_1979 verarbeitet in 20.0 min
2026-07-13 14:55:04,001 | INFO | START | Beantrage 5-Jahres-Oberflächen-Block: 1970_1974
2026-07-13 14:55:04,994 | INFO | Request ID is 76365dc7-8a00-43d6-a86e-7a1148d1842d
2026-07-13 14:55:05,143 | INFO | status has been updated to accepted
2026-07-13 14:55:21,280 | INFO | status has been updated to running
2026-07-13 15:09:34,559 | INFO | status has been updated to successful
2026-07-13 15:09:34,899 | INFO | Downloading https://object-store.os-api.cci2.ecmwf.int:443/cci2-prod-cache-1/2026-07-13/a24c41d723e7bec03914e8683a20854e.zip
2026-07-13 15:11:14,367 | INFO | ZIP-Kompression erkannt: Erfolgreich entpackt und aufgeteilt.
2026-07-13 15:11:14,468 | INFO | DONE | Block 1970_1974 verarbeitet in 16.2 min
2026-07-13 15:11:14,468 | INFO | START | Beantrage 5-Jahres-Oberflächen-Block: 1965_1969
2026-07-13 15:11:16,668 | INFO | Request ID is 1d738a6c-6a41-478f-a4d1-cc627b0cd95b
2026-07-13 15:11:16,994 | INFO | status has been updated to accepted
2026-07-13 15:11:50,995 | INFO | status has been updated to running
2026-07-13 15:25:42,905 | INFO | status has been updated to successful
2026-07-13 15:25:43,385 | INFO | Downloading https://object-store.os-api.cci2.ecmwf.int:443/cci2-prod-cache-3/2026-07-13/4cd86f20a793742c179da9b23e8b784b.zip
2026-07-13 15:27:10,739 | INFO | ZIP-Kompression erkannt: Erfolgreich entpackt und aufgeteilt.
2026-07-13 15:27:10,811 | INFO | DONE | Block 1965_1969 verarbeitet in 15.9 min
2026-07-13 15:27:10,812 | INFO | START | Beantrage 5-Jahres-Oberflächen-Block: 1960_1964
2026-07-13 15:27:11,775 | INFO | Request ID is 10b362ea-ac00-4e26-9c97-c089ad6c0283
2026-07-13 15:27:11,906 | INFO | status has been updated to accepted
2026-07-13 15:27:33,866 | INFO | status has been updated to running
2026-07-13 15:41:35,953 | INFO | status has been updated to successful
2026-07-13 15:41:38,496 | INFO | Downloading https://object-store.os-api.cci2.ecmwf.int:443/cci2-prod-cache-2/2026-07-13/c5bc67771650003a1585ed9a85d2ade4.zip
2026-07-13 15:43:30,406 | INFO | ZIP-Kompression erkannt: Erfolgreich entpackt und aufgeteilt.
2026-07-13 15:43:30,477 | INFO | DONE | Block 1960_1964 verarbeitet in 16.3 min
2026-07-13 15:43:30,478 | INFO | START | Beantrage 5-Jahres-Oberflächen-Block: 1955_1959
2026-07-13 15:43:31,294 | INFO | Request ID is 67297fa9-a75d-4453-98fc-24546fa62345
2026-07-13 15:43:31,435 | INFO | status has been updated to accepted
2026-07-13 15:44:22,744 | INFO | status has been updated to running
2026-07-13 15:53:57,050 | INFO | status has been updated to accepted
2026-07-13 15:57:58,955 | INFO | status has been updated to running
2026-07-13 16:12:04,057 | INFO | status has been updated to successful
2026-07-13 16:12:04,430 | INFO | Downloading https://object-store.os-api.cci2.ecmwf.int:443/cci2-prod-cache-3/2026-07-13/57a5f357568e7635d405dc4de822d983.zip
2026-07-13 16:13:13,505 | INFO | ZIP-Kompression erkannt: Erfolgreich entpackt und aufgeteilt.
2026-07-13 16:13:13,605 | INFO | DONE | Block 1955_1959 verarbeitet in 29.7 min
2026-07-13 16:13:13,606 | INFO | START | Beantrage 5-Jahres-Oberflächen-Block: 1950_1954
2026-07-13 16:13:14,400 | INFO | Request ID is 59370979-e931-4917-a0e6-3f1ab93f919b
2026-07-13 16:13:14,550 | INFO | status has been updated to accepted
2026-07-13 16:16:08,073 | INFO | status has been updated to running
2026-07-13 16:29:38,900 | INFO | status has been updated to successful
2026-07-13 16:29:39,169 | INFO | Downloading https://object-store.os-api.cci2.ecmwf.int:443/cci2-prod-cache-2/2026-07-13/f3aa9f31f4d80f7c5e1ec4a109c2bc04.zip
2026-07-13 16:30:57,681 | INFO | ZIP-Kompression erkannt: Erfolgreich entpackt und aufgeteilt.
2026-07-13 16:30:57,768 | INFO | DONE | Block 1950_1954 verarbeitet in 17.7 min
2026-07-13 16:30:57,768 | INFO | START | Beantrage 5-Jahres-Oberflächen-Block: 1945_1949
2026-07-13 16:30:58,620 | INFO | Request ID is 5fe75089-5966-4964-b62c-2b3e2a9c7adc
2026-07-13 16:30:58,751 | INFO | status has been updated to accepted
2026-07-13 16:31:20,840 | INFO | status has been updated to running
2026-07-13 16:45:26,900 | INFO | status has been updated to successful
2026-07-13 16:45:27,180 | INFO | Downloading https://object-store.os-api.cci2.ecmwf.int:443/cci2-prod-cache-2/2026-07-13/76a15c98a0b636ac50db2e97f03d18a7.zip
2026-07-13 16:46:41,055 | INFO | ZIP-Kompression erkannt: Erfolgreich entpackt und aufgeteilt.
2026-07-13 16:46:41,128 | INFO | DONE | Block 1945_1949 verarbeitet in 15.7 min
2026-07-13 16:46:41,130 | INFO | START | Beantrage 5-Jahres-Oberflächen-Block: 1940_1944
2026-07-13 16:46:42,120 | INFO | Request ID is 0fafbf8d-c65d-4117-8837-c2523cfa85b1
2026-07-13 16:46:42,270 | INFO | status has been updated to accepted
2026-07-13 16:49:56,837 | WARNING | Recovering from HTTP error [500 Internal Server Error], attempt 1 of 500
2026-07-13 16:49:56,838 | WARNING | Retrying in 120 seconds
2026-07-13 16:51:56,848 | INFO | Retrying now...
2026-07-13 16:59:27,572 | INFO | status has been updated to running
2026-07-13 17:11:36,052 | INFO | status has been updated to successful
2026-07-13 17:11:36,695 | INFO | Downloading https://object-store.os-api.cci2.ecmwf.int:443/cci2-prod-cache-3/2026-07-13/b8f207370c88c568c42e4d02ac215d2.zip
2026-07-13 17:12:50,572 | INFO | ZIP-Kompression erkannt: Erfolgreich entpackt und aufgeteilt.
2026-07-13 17:12:50,649 | INFO | DONE | Block 1940_1944 verarbeitet in 26.2 min
